// Jest Snapshot v1, https://goo.gl/fbAQLP

exports[`Home page 1`] = `
<div
  className="wrapper"
>
  <section>
    <h1>
      Send Money
    </h1>
    <div>
      <Input
        currency=""
        label="Name"
        name="name"
        onChange={[Function]}
        prompt="Friend name"
        validation=""
        value="Samantha Adriano"
      />
      <Input
        currency=""
        label="Email"
        name="email"
        onChange={[Function]}
        prompt="friend@friend.com"
        validation=""
        value="sammadrianos@gmail.com"
      />
      <Input
        currency="£"
        label="Amount"
        name="amount"
        onChange={[Function]}
        prompt="1000.00"
        validation=""
        value="5500.00"
      />
      <Button
        enabled={true}
        onClick={[Function]}
        text="Send"
      />
    </div>
  </section>
  <section>
    <h1>
      My Account
    </h1>
    <chartComponent
      chartData={
        Array [
          "1000.00",
          "4000.00",
        ]
      }
      chartLabels={
        Array [
          "Total sent",
          "Left available",
        ]
      }
    />
    <div>
      <h3>
        Transactions
      </h3>
      <List
        items={
          Array [
            Object {
              "amount": "1000.00",
              "email": "joeleduardo@hotmail.com",
              "name": "Joel Ortiz",
            },
          ]
        }
      />
    </div>
  </section>
</div>
`;
