// Jest Snapshot v1, https://goo.gl/fbAQLP

exports[`Button component enabled 1`] = `
<button
  disabled={false}
  onClick={[Function]}
  style={Object {}}
/>
`;

exports[`Button component enabled 2`] = `
<button
  disabled={true}
  onClick={[Function]}
  style={
    Object {
      "backgroundColor": "#efefef",
      "color": "#ccc",
      "cursor": "auto",
    }
  }
/>
`;
