// Jest Snapshot v1, https://goo.gl/fbAQLP

exports[`List component 1`] = `
<ul>
  <li
    key="rFj2aAOIsILzHmP29VHo"
  >
    <div
      className="name"
    >
      Joel Ortiz
    </div>
    <div
      className="email"
    >
      joeleduardo@hotmail.com
    </div>
    <span>
      £ 
      1,000.00
    </span>
  </li>
</ul>
`;
